// Jest Snapshot v1, https://goo.gl/fbAQLP

exports[`renders correctly 1`] = `
Array [
  <div
    className="column"
  />,
  <div
    className="column"
  >
    <h2>
      MY RECIPES
    </h2>
    <ul />
    <a
      href="/profile/recipe"
      onClick={[Function]}
    >
      Add New
    </a>
  </div>,
]
`;
