// Jest Snapshot v1, https://goo.gl/fbAQLP

exports[`renders correctly 1`] = `
<header
  className="header"
>
  <div
    className="container is-fluid"
  >
    <nav
      className="navbar"
    >
      <div
        className="navbar-brand"
      >
        <a
          className="navbar-item"
          href="/"
          onClick={[Function]}
        >
          Home
        </a>
      </div>
      <div
        className="navbar-menu"
      >
        <div
          className="navbar-end"
        >
          <a
            className="navbar-item"
            href="/profile"
            onClick={[Function]}
          >
            Profile
          </a>
          <a
            className="navbar-item"
            href="/api/logout"
          >
            logout
          </a>
        </div>
      </div>
    </nav>
  </div>
</header>
`;
